Rule #<MODIFY-NODE 39> in http://www.cse.aalto.fi/instans/instanses/INSTANS828
       ?EVENT = #<RDF-IRI file:///#e1>,
       ?PERSON = #<RDF-IRI file:///#p1>,
       ?PLACE = #<RDF-BLANK-NODE _:bnode1>,
       ?LAT = 60.15922234475837d0,
       ?LONG = 24.87610729902513d0,
       ?TIME = #<RDF-BLANK-NODE _:bnode2>,
       ?DTTM = #<INSTANS::DATETIME "2012-03-05T13:32:28">
Rule #<MODIFY-NODE 39> in http://www.cse.aalto.fi/instans/instanses/INSTANS828
       ?EVENT = #<RDF-IRI file:///#e2>,
       ?PERSON = #<RDF-IRI file:///#p2>,
       ?PLACE = #<RDF-BLANK-NODE _:bnode3>,
       ?LAT = 60.168418510496544d0,
       ?LONG = 24.857417412169575d0,
       ?TIME = #<RDF-BLANK-NODE _:bnode4>,
       ?DTTM = #<INSTANS::DATETIME "2012-03-05T13:32:28">
Rule #<MODIFY-NODE 39> in http://www.cse.aalto.fi/instans/instanses/INSTANS828
       ?EVENT = #<RDF-IRI file:///#e3>,
       ?PERSON = #<RDF-IRI file:///#p1>,
       ?PLACE = #<RDF-BLANK-NODE _:bnode5>,
       ?LAT = 60.15915070274233d0,
       ?LONG = 24.876247290882866d0,
       ?TIME = #<RDF-BLANK-NODE _:bnode6>,
       ?DTTM = #<INSTANS::DATETIME "2012-03-05T13:32:36">
Rule #<MODIFY-NODE 39> in http://www.cse.aalto.fi/instans/instanses/INSTANS828
       ?EVENT = #<RDF-IRI file:///#e4>,
       ?PERSON = #<RDF-IRI file:///#p2>,
       ?PLACE = #<RDF-BLANK-NODE _:bnode7>,
       ?LAT = 60.168319394466074d0,
       ?LONG = 24.857391909612712d0,
       ?TIME = #<RDF-BLANK-NODE _:bnode8>,
       ?DTTM = #<INSTANS::DATETIME "2012-03-05T13:32:36">
Rule #<MODIFY-NODE 39> in http://www.cse.aalto.fi/instans/instanses/INSTANS828
       ?EVENT = #<RDF-IRI file:///#e5>,
       ?PERSON = #<RDF-IRI file:///#p1>,
       ?PLACE = #<RDF-BLANK-NODE _:bnode9>,
       ?LAT = 60.159121698855415d0,
       ?LONG = 24.876435822110494d0,
       ?TIME = #<RDF-BLANK-NODE _:bnode10>,
       ?DTTM = #<INSTANS::DATETIME "2012-03-05T13:32:44">
Rule #<MODIFY-NODE 39> in http://www.cse.aalto.fi/instans/instanses/INSTANS828
       ?EVENT = #<RDF-IRI file:///#e6>,
       ?PERSON = #<RDF-IRI file:///#p2>,
       ?PLACE = #<RDF-BLANK-NODE _:bnode11>,
       ?LAT = 60.1682202784307d0,
       ?LONG = 24.857366407209696d0,
       ?TIME = #<RDF-BLANK-NODE _:bnode12>,
       ?DTTM = #<INSTANS::DATETIME "2012-03-05T13:32:44">
Rule #<MODIFY-NODE 39> in http://www.cse.aalto.fi/instans/instanses/INSTANS828
       ?EVENT = #<RDF-IRI file:///#e7>,
       ?PERSON = #<RDF-IRI file:///#p1>,
       ?PLACE = #<RDF-BLANK-NODE _:bnode13>,
       ?LAT = 60.159098785871784d0,
       ?LONG = 24.87663128732738d0,
       ?TIME = #<RDF-BLANK-NODE _:bnode14>,
       ?DTTM = #<INSTANS::DATETIME "2012-03-05T13:32:52">
Rule #<MODIFY-NODE 39> in http://www.cse.aalto.fi/instans/instanses/INSTANS828
       ?EVENT = #<RDF-IRI file:///#e8>,
       ?PERSON = #<RDF-IRI file:///#p2>,
       ?PLACE = #<RDF-BLANK-NODE _:bnode15>,
       ?LAT = 60.168120699241186d0,
       ?LONG = 24.85734971925526d0,
       ?TIME = #<RDF-BLANK-NODE _:bnode16>,
       ?DTTM = #<INSTANS::DATETIME "2012-03-05T13:32:52">
Rule #<MODIFY-NODE 39> in http://www.cse.aalto.fi/instans/instanses/INSTANS828
       ?EVENT = #<RDF-IRI file:///#e10>,
       ?PERSON = #<RDF-IRI file:///#p2>,
       ?PLACE = #<RDF-BLANK-NODE _:bnode19>,
       ?LAT = 60.16802112004953d0,
       ?LONG = 24.85733303140199d0,
       ?TIME = #<RDF-BLANK-NODE _:bnode20>,
       ?DTTM = #<INSTANS::DATETIME "2012-03-05T13:33:00">
Rule #<MODIFY-NODE 39> in http://www.cse.aalto.fi/instans/instanses/INSTANS828
       ?EVENT = #<RDF-IRI file:///#e9>,
       ?PERSON = #<RDF-IRI file:///#p1>,
       ?PLACE = #<RDF-BLANK-NODE _:bnode17>,
       ?LAT = 60.15907587260037d0,
       ?LONG = 24.87682675227178d0,
       ?TIME = #<RDF-BLANK-NODE _:bnode18>,
       ?DTTM = #<INSTANS::DATETIME "2012-03-05T13:33:00">
Rule #<MODIFY-NODE 39> in http://www.cse.aalto.fi/instans/instanses/INSTANS828
       ?EVENT = #<RDF-IRI file:///#e11>,
       ?PERSON = #<RDF-IRI file:///#p2>,
       ?PLACE = #<RDF-BLANK-NODE _:bnode21>,
       ?LAT = 60.167921356982454d0,
       ?LONG = 24.857322112314982d0,
       ?TIME = #<RDF-BLANK-NODE _:bnode22>,
       ?DTTM = #<INSTANS::DATETIME "2012-03-05T13:33:08">
Rule #<MODIFY-NODE 39> in http://www.cse.aalto.fi/instans/instanses/INSTANS828
       ?EVENT = #<RDF-IRI file:///#e12>,
       ?PERSON = #<RDF-IRI file:///#p1>,
       ?PLACE = #<RDF-BLANK-NODE _:bnode23>,
       ?LAT = 60.15897429040154d0,
       ?LONG = 24.876820072293462d0,
       ?TIME = #<RDF-BLANK-NODE _:bnode24>,
       ?DTTM = #<INSTANS::DATETIME "2012-03-05T13:33:09">
Rule #<MODIFY-NODE 39> in http://www.cse.aalto.fi/instans/instanses/INSTANS828
       ?EVENT = #<RDF-IRI file:///#e13>,
       ?PERSON = #<RDF-IRI file:///#p2>,
       ?PLACE = #<RDF-BLANK-NODE _:bnode25>,
       ?LAT = 60.16782153262347d0,
       ?LONG = 24.857313116176833d0,
       ?TIME = #<RDF-BLANK-NODE _:bnode26>,
       ?DTTM = #<INSTANS::DATETIME "2012-03-05T13:33:16">
Rule #<MODIFY-NODE 39> in http://www.cse.aalto.fi/instans/instanses/INSTANS828
       ?EVENT = #<RDF-IRI file:///#e14>,
       ?PERSON = #<RDF-IRI file:///#p1>,
       ?PLACE = #<RDF-BLANK-NODE _:bnode27>,
       ?LAT = 60.158875572374555d0,
       ?LONG = 24.87678895940316d0,
       ?TIME = #<RDF-BLANK-NODE _:bnode28>,
       ?DTTM = #<INSTANS::DATETIME "2012-03-05T13:33:17">
Rule #<MODIFY-NODE 39> in http://www.cse.aalto.fi/instans/instanses/INSTANS828
       ?EVENT = #<RDF-IRI file:///#e15>,
       ?PERSON = #<RDF-IRI file:///#p2>,
       ?PLACE = #<RDF-BLANK-NODE _:bnode29>,
       ?LAT = 60.16772203524133d0,
       ?LONG = 24.857322949480434d0,
       ?TIME = #<RDF-BLANK-NODE _:bnode30>,
       ?DTTM = #<INSTANS::DATETIME "2012-03-05T13:33:24">
Rule #<MODIFY-NODE 39> in http://www.cse.aalto.fi/instans/instanses/INSTANS828
       ?EVENT = #<RDF-IRI file:///#e16>,
       ?PERSON = #<RDF-IRI file:///#p1>,
       ?PLACE = #<RDF-BLANK-NODE _:bnode31>,
       ?LAT = 60.1587770921376d0,
       ?LONG = 24.876755011938307d0,
       ?TIME = #<RDF-BLANK-NODE _:bnode32>,
       ?DTTM = #<INSTANS::DATETIME "2012-03-05T13:33:25">
Rule #<MODIFY-NODE 39> in http://www.cse.aalto.fi/instans/instanses/INSTANS828
       ?EVENT = #<RDF-IRI file:///#e17>,
       ?PERSON = #<RDF-IRI file:///#p2>,
       ?PLACE = #<RDF-BLANK-NODE _:bnode33>,
       ?LAT = 60.167623885892574d0,
       ?LONG = 24.857360574816475d0,
       ?TIME = #<RDF-BLANK-NODE _:bnode34>,
       ?DTTM = #<INSTANS::DATETIME "2012-03-05T13:33:32">
Rule #<MODIFY-NODE 39> in http://www.cse.aalto.fi/instans/instanses/INSTANS828
       ?EVENT = #<RDF-IRI file:///#e18>,
       ?PERSON = #<RDF-IRI file:///#p1>,
       ?PLACE = #<RDF-BLANK-NODE _:bnode35>,
       ?LAT = 60.15867875456992d0,
       ?LONG = 24.87671936382493d0,
       ?TIME = #<RDF-BLANK-NODE _:bnode36>,
       ?DTTM = #<INSTANS::DATETIME "2012-03-05T13:33:33">
Rule #<MODIFY-NODE 39> in http://www.cse.aalto.fi/instans/instanses/INSTANS828
       ?EVENT = #<RDF-IRI file:///#e19>,
       ?PERSON = #<RDF-IRI file:///#p2>,
       ?PLACE = #<RDF-BLANK-NODE _:bnode37>,
       ?LAT = 60.16752601662205d0,
       ?LONG = 24.85740110579411d0,
       ?TIME = #<RDF-BLANK-NODE _:bnode38>,
       ?DTTM = #<INSTANS::DATETIME "2012-03-05T13:33:40">
Rule #<MODIFY-NODE 39> in http://www.cse.aalto.fi/instans/instanses/INSTANS828
       ?EVENT = #<RDF-IRI file:///#e20>,
       ?PERSON = #<RDF-IRI file:///#p1>,
       ?PLACE = #<RDF-BLANK-NODE _:bnode39>,
       ?LAT = 60.15858043398937d0,
       ?LONG = 24.876683527388586d0,
       ?TIME = #<RDF-BLANK-NODE _:bnode40>,
       ?DTTM = #<INSTANS::DATETIME "2012-03-05T13:33:41">
Rule #<MODIFY-NODE 39> in http://www.cse.aalto.fi/instans/instanses/INSTANS828
       ?EVENT = #<RDF-IRI file:///#e21>,
       ?PERSON = #<RDF-IRI file:///#p2>,
       ?PLACE = #<RDF-BLANK-NODE _:bnode41>,
       ?LAT = 60.16742814733912d0,
       ?LONG = 24.857441636530293d0,
       ?TIME = #<RDF-BLANK-NODE _:bnode42>,
       ?DTTM = #<INSTANS::DATETIME "2012-03-05T13:33:48">
Rule #<MODIFY-NODE 39> in http://www.cse.aalto.fi/instans/instanses/INSTANS828
       ?EVENT = #<RDF-IRI file:///#e22>,
       ?PERSON = #<RDF-IRI file:///#p1>,
       ?PLACE = #<RDF-BLANK-NODE _:bnode43>,
       ?LAT = 60.15848212303127d0,
       ?LONG = 24.87664758429575d0,
       ?TIME = #<RDF-BLANK-NODE _:bnode44>,
       ?DTTM = #<INSTANS::DATETIME "2012-03-05T13:33:49">
Rule #<MODIFY-NODE 39> in http://www.cse.aalto.fi/instans/instanses/INSTANS828
       ?EVENT = #<RDF-IRI file:///#e23>,
       ?PERSON = #<RDF-IRI file:///#p2>,
       ?PLACE = #<RDF-BLANK-NODE _:bnode45>,
       ?LAT = 60.167330300840135d0,
       ?LONG = 24.85748238830992d0,
       ?TIME = #<RDF-BLANK-NODE _:bnode46>,
       ?DTTM = #<INSTANS::DATETIME "2012-03-05T13:33:56">
Rule #<MODIFY-NODE 39> in http://www.cse.aalto.fi/instans/instanses/INSTANS828
       ?EVENT = #<RDF-IRI file:///#e24>,
       ?PERSON = #<RDF-IRI file:///#p1>,
       ?PLACE = #<RDF-BLANK-NODE _:bnode47>,
       ?LAT = 60.15838381323057d0,
       ?LONG = 24.876611628529556d0,
       ?TIME = #<RDF-BLANK-NODE _:bnode48>,
       ?DTTM = #<INSTANS::DATETIME "2012-03-05T13:33:57">
Rule #<MODIFY-NODE 39> in http://www.cse.aalto.fi/instans/instanses/INSTANS828
       ?EVENT = #<RDF-IRI file:///#e25>,
       ?PERSON = #<RDF-IRI file:///#p2>,
       ?PLACE = #<RDF-BLANK-NODE _:bnode49>,
       ?LAT = 60.167232474801246d0,
       ?LONG = 24.85752333848567d0,
       ?TIME = #<RDF-BLANK-NODE _:bnode50>,
       ?DTTM = #<INSTANS::DATETIME "2012-03-05T13:34:04">
Rule #<MODIFY-NODE 39> in http://www.cse.aalto.fi/instans/instanses/INSTANS828
       ?EVENT = #<RDF-IRI file:///#e26>,
       ?PERSON = #<RDF-IRI file:///#p1>,
       ?PLACE = #<RDF-BLANK-NODE _:bnode51>,
       ?LAT = 60.15828550423357d0,
       ?LONG = 24.876575663995347d0,
       ?TIME = #<RDF-BLANK-NODE _:bnode52>,
       ?DTTM = #<INSTANS::DATETIME "2012-03-05T13:34:05">
Rule #<MODIFY-NODE 39> in http://www.cse.aalto.fi/instans/instanses/INSTANS828
       ?EVENT = #<RDF-IRI file:///#e27>,
       ?PERSON = #<RDF-IRI file:///#p2>,
       ?PLACE = #<RDF-BLANK-NODE _:bnode53>,
       ?LAT = 60.16713464874973d0,
       ?LONG = 24.857564288417596d0,
       ?TIME = #<RDF-BLANK-NODE _:bnode54>,
       ?DTTM = #<INSTANS::DATETIME "2012-03-05T13:34:12">
Rule #<MODIFY-NODE 39> in http://www.cse.aalto.fi/instans/instanses/INSTANS828
       ?EVENT = #<RDF-IRI file:///#e28>,
       ?PERSON = #<RDF-IRI file:///#p1>,
       ?PLACE = #<RDF-BLANK-NODE _:bnode55>,
       ?LAT = 60.15819585379424d0,
       ?LONG = 24.87665434858533d0,
       ?TIME = #<RDF-BLANK-NODE _:bnode56>,
       ?DTTM = #<INSTANS::DATETIME "2012-03-05T13:34:14">
Rule #<MODIFY-NODE 39> in http://www.cse.aalto.fi/instans/instanses/INSTANS828
       ?EVENT = #<RDF-IRI file:///#e29>,
       ?PERSON = #<RDF-IRI file:///#p2>,
       ?PLACE = #<RDF-BLANK-NODE _:bnode57>,
       ?LAT = 60.167036822685624d0,
       ?LONG = 24.857605238105684d0,
       ?TIME = #<RDF-BLANK-NODE _:bnode58>,
       ?DTTM = #<INSTANS::DATETIME "2012-03-05T13:34:20">
Rule #<MODIFY-NODE 39> in http://www.cse.aalto.fi/instans/instanses/INSTANS828
       ?EVENT = #<RDF-IRI file:///#e30>,
       ?PERSON = #<RDF-IRI file:///#p1>,
       ?PLACE = #<RDF-BLANK-NODE _:bnode59>,
       ?LAT = 60.158112659818606d0,
       ?LONG = 24.876764458444597d0,
       ?TIME = #<RDF-BLANK-NODE _:bnode60>,
       ?DTTM = #<INSTANS::DATETIME "2012-03-05T13:34:23">
Rule #<MODIFY-NODE 39> in http://www.cse.aalto.fi/instans/instanses/INSTANS828
       ?EVENT = #<RDF-IRI file:///#e31>,
       ?PERSON = #<RDF-IRI file:///#p2>,
       ?PLACE = #<RDF-BLANK-NODE _:bnode61>,
       ?LAT = 60.16693899660884d0,
       ?LONG = 24.857646187549943d0,
       ?TIME = #<RDF-BLANK-NODE _:bnode62>,
       ?DTTM = #<INSTANS::DATETIME "2012-03-05T13:34:28">
Rule #<MODIFY-NODE 39> in http://www.cse.aalto.fi/instans/instanses/INSTANS828
       ?EVENT = #<RDF-IRI file:///#e32>,
       ?PERSON = #<RDF-IRI file:///#p1>,
       ?PLACE = #<RDF-BLANK-NODE _:bnode63>,
       ?LAT = 60.158064195170574d0,
       ?LONG = 24.876940068007983d0,
       ?TIME = #<RDF-BLANK-NODE _:bnode64>,
       ?DTTM = #<INSTANS::DATETIME "2012-03-05T13:34:31">
Rule #<MODIFY-NODE 39> in http://www.cse.aalto.fi/instans/instanses/INSTANS828
       ?EVENT = #<RDF-IRI file:///#e33>,
       ?PERSON = #<RDF-IRI file:///#p2>,
       ?PLACE = #<RDF-BLANK-NODE _:bnode65>,
       ?LAT = 60.16684111531858d0,
       ?LONG = 24.857686600226238d0,
       ?TIME = #<RDF-BLANK-NODE _:bnode66>,
       ?DTTM = #<INSTANS::DATETIME "2012-03-05T13:34:36">
Rule #<MODIFY-NODE 93> in http://www.cse.aalto.fi/instans/instanses/INSTANS828
       ?PERSON1 = #<RDF-IRI file:///#p4>,
       ?PERSON2 = #<RDF-IRI file:///#p1>,
       ?EVENT1 = #<RDF-IRI file:///#e36>,
       ?PLACE1 = #<RDF-BLANK-NODE _:bnode71>,
       ?LAT1 = 60.15401548640943d0,
       ?LONG1 = 24.87969277974118d0,
       ?TIME1 = #<RDF-BLANK-NODE _:bnode72>,
       ?DTTM1 = #<INSTANS::DATETIME "2012-03-05T13:34:47">,
       ?EVENT2 = #<RDF-IRI file:///#e34>,
       ?PLACE2 = #<RDF-BLANK-NODE _:bnode67>,
       ?LAT2 = 60.15797111756688d0,
       ?LONG2 = 24.877000991245488d0,
       ?TIME2 = #<RDF-BLANK-NODE _:bnode68>,
       ?DTTM2 = #<INSTANS::DATETIME "2012-03-05T13:34:40">,
       !PREVVAL-4 = T
Rule #<MODIFY-NODE 93> in http://www.cse.aalto.fi/instans/instanses/INSTANS828
       ?PERSON1 = #<RDF-IRI file:///#p1>,
       ?PERSON2 = #<RDF-IRI file:///#p4>,
       ?EVENT1 = #<RDF-IRI file:///#e34>,
       ?PLACE1 = #<RDF-BLANK-NODE _:bnode67>,
       ?LAT1 = 60.15797111756688d0,
       ?LONG1 = 24.877000991245488d0,
       ?TIME1 = #<RDF-BLANK-NODE _:bnode68>,
       ?DTTM1 = #<INSTANS::DATETIME "2012-03-05T13:34:40">,
       ?EVENT2 = #<RDF-IRI file:///#e36>,
       ?PLACE2 = #<RDF-BLANK-NODE _:bnode71>,
       ?LAT2 = 60.15401548640943d0,
       ?LONG2 = 24.87969277974118d0,
       ?TIME2 = #<RDF-BLANK-NODE _:bnode72>,
       ?DTTM2 = #<INSTANS::DATETIME "2012-03-05T13:34:47">,
       !PREVVAL-4 = T
Rule #<SELECT-NODE 95> in http://www.cse.aalto.fi/instans/instanses/INSTANS828
       ?PERSON1 = #<RDF-IRI file:///#p4>,
       ?PERSON2 = #<RDF-IRI file:///#p1>
person1,person2
"file:///#p4","file:///#p1"
Rule #<SELECT-NODE 95> in http://www.cse.aalto.fi/instans/instanses/INSTANS828
       ?PERSON1 = #<RDF-IRI file:///#p1>,
       ?PERSON2 = #<RDF-IRI file:///#p4>
"file:///#p1","file:///#p4"
Rule #<MODIFY-NODE 39> in http://www.cse.aalto.fi/instans/instanses/INSTANS828
       ?EVENT = #<RDF-IRI file:///#e34>,
       ?PERSON = #<RDF-IRI file:///#p1>,
       ?PLACE = #<RDF-BLANK-NODE _:bnode67>,
       ?LAT = 60.15797111756688d0,
       ?LONG = 24.877000991245488d0,
       ?TIME = #<RDF-BLANK-NODE _:bnode68>,
       ?DTTM = #<INSTANS::DATETIME "2012-03-05T13:34:40">
Rule #<MODIFY-NODE 39> in http://www.cse.aalto.fi/instans/instanses/INSTANS828
       ?EVENT = #<RDF-IRI file:///#e35>,
       ?PERSON = #<RDF-IRI file:///#p2>,
       ?PLACE = #<RDF-BLANK-NODE _:bnode69>,
       ?LAT = 60.166743234015975d0,
       ?LONG = 24.857727012661748d0,
       ?TIME = #<RDF-BLANK-NODE _:bnode70>,
       ?DTTM = #<INSTANS::DATETIME "2012-03-05T13:34:44">
Rule #<MODIFY-NODE 39> in http://www.cse.aalto.fi/instans/instanses/INSTANS828
       ?EVENT = #<RDF-IRI file:///#e36>,
       ?PERSON = #<RDF-IRI file:///#p4>,
       ?PLACE = #<RDF-BLANK-NODE _:bnode71>,
       ?LAT = 60.15401548640943d0,
       ?LONG = 24.87969277974118d0,
       ?TIME = #<RDF-BLANK-NODE _:bnode72>,
       ?DTTM = #<INSTANS::DATETIME "2012-03-05T13:34:47">
Rule #<MODIFY-NODE 39> in http://www.cse.aalto.fi/instans/instanses/INSTANS828
       ?EVENT = #<RDF-IRI file:///#e37>,
       ?PERSON = #<RDF-IRI file:///#p1>,
       ?PLACE = #<RDF-BLANK-NODE _:bnode73>,
       ?LAT = 60.15794076505101d0,
       ?LONG = 24.877172168847057d0,
       ?TIME = #<RDF-BLANK-NODE _:bnode74>,
       ?DTTM = #<INSTANS::DATETIME "2012-03-05T13:34:48">
Rule #<MODIFY-NODE 39> in http://www.cse.aalto.fi/instans/instanses/INSTANS828
       ?EVENT = #<RDF-IRI file:///#e38>,
       ?PERSON = #<RDF-IRI file:///#p2>,
       ?PLACE = #<RDF-BLANK-NODE _:bnode75>,
       ?LAT = 60.166645352701124d0,
       ?LONG = 24.857767424856487d0,
       ?TIME = #<RDF-BLANK-NODE _:bnode76>,
       ?DTTM = #<INSTANS::DATETIME "2012-03-05T13:34:52">
Rule #<MODIFY-NODE 39> in http://www.cse.aalto.fi/instans/instanses/INSTANS828
       ?EVENT = #<RDF-IRI file:///#e39>,
       ?PERSON = #<RDF-IRI file:///#p4>,
       ?PLACE = #<RDF-BLANK-NODE _:bnode77>,
       ?LAT = 60.15408909635799d0,
       ?LONG = 24.87982856443174d0,
       ?TIME = #<RDF-BLANK-NODE _:bnode78>,
       ?DTTM = #<INSTANS::DATETIME "2012-03-05T13:34:55">
Rule #<MODIFY-NODE 39> in http://www.cse.aalto.fi/instans/instanses/INSTANS828
       ?EVENT = #<RDF-IRI file:///#e40>,
       ?PERSON = #<RDF-IRI file:///#p1>,
       ?PLACE = #<RDF-BLANK-NODE _:bnode79>,
       ?LAT = 60.157920343483994d0,
       ?LONG = 24.87736873924885d0,
       ?TIME = #<RDF-BLANK-NODE _:bnode80>,
       ?DTTM = #<INSTANS::DATETIME "2012-03-05T13:34:56">
Rule #<MODIFY-NODE 39> in http://www.cse.aalto.fi/instans/instanses/INSTANS828
       ?EVENT = #<RDF-IRI file:///#e41>,
       ?PERSON = #<RDF-IRI file:///#p2>,
       ?PLACE = #<RDF-BLANK-NODE _:bnode81>,
       ?LAT = 60.16654747137399d0,
       ?LONG = 24.85780783681046d0,
       ?TIME = #<RDF-BLANK-NODE _:bnode82>,
       ?DTTM = #<INSTANS::DATETIME "2012-03-05T13:35:00">
Rule #<MODIFY-NODE 39> in http://www.cse.aalto.fi/instans/instanses/INSTANS828
       ?EVENT = #<RDF-IRI file:///#e42>,
       ?PERSON = #<RDF-IRI file:///#p4>,
       ?PLACE = #<RDF-BLANK-NODE _:bnode83>,
       ?LAT = 60.15416270616763d0,
       ?LONG = 24.879964349730383d0,
       ?TIME = #<RDF-BLANK-NODE _:bnode84>,
       ?DTTM = #<INSTANS::DATETIME "2012-03-05T13:35:03">
Rule #<MODIFY-NODE 39> in http://www.cse.aalto.fi/instans/instanses/INSTANS828
       ?EVENT = #<RDF-IRI file:///#e43>,
       ?PERSON = #<RDF-IRI file:///#p1>,
       ?PLACE = #<RDF-BLANK-NODE _:bnode85>,
       ?LAT = 60.15789992162586d0,
       ?LONG = 24.87756530940639d0,
       ?TIME = #<RDF-BLANK-NODE _:bnode86>,
       ?DTTM = #<INSTANS::DATETIME "2012-03-05T13:35:04">
Rule #<MODIFY-NODE 39> in http://www.cse.aalto.fi/instans/instanses/INSTANS828
       ?EVENT = #<RDF-IRI file:///#e44>,
       ?PERSON = #<RDF-IRI file:///#p2>,
       ?PLACE = #<RDF-BLANK-NODE _:bnode87>,
       ?LAT = 60.16644959003448d0,
       ?LONG = 24.857848248523677d0,
       ?TIME = #<RDF-BLANK-NODE _:bnode88>,
       ?DTTM = #<INSTANS::DATETIME "2012-03-05T13:35:08">
Rule #<MODIFY-NODE 39> in http://www.cse.aalto.fi/instans/instanses/INSTANS828
       ?EVENT = #<RDF-IRI file:///#e45>,
       ?PERSON = #<RDF-IRI file:///#p4>,
       ?PLACE = #<RDF-BLANK-NODE _:bnode89>,
       ?LAT = 60.15423631583836d0,
       ?LONG = 24.880100135637104d0,
       ?TIME = #<RDF-BLANK-NODE _:bnode90>,
       ?DTTM = #<INSTANS::DATETIME "2012-03-05T13:35:11">
Rule #<MODIFY-NODE 39> in http://www.cse.aalto.fi/instans/instanses/INSTANS828
       ?EVENT = #<RDF-IRI file:///#e46>,
       ?PERSON = #<RDF-IRI file:///#p1>,
       ?PLACE = #<RDF-BLANK-NODE _:bnode91>,
       ?LAT = 60.15787949947668d0,
       ?LONG = 24.877761879319678d0,
       ?TIME = #<RDF-BLANK-NODE _:bnode92>,
       ?DTTM = #<INSTANS::DATETIME "2012-03-05T13:35:12">
Rule #<MODIFY-NODE 39> in http://www.cse.aalto.fi/instans/instanses/INSTANS828
       ?EVENT = #<RDF-IRI file:///#e47>,
       ?PERSON = #<RDF-IRI file:///#p2>,
       ?PLACE = #<RDF-BLANK-NODE _:bnode93>,
       ?LAT = 60.166351827603606d0,
       ?LONG = 24.857889804516685d0,
       ?TIME = #<RDF-BLANK-NODE _:bnode94>,
       ?DTTM = #<INSTANS::DATETIME "2012-03-05T13:35:16">
Rule #<MODIFY-NODE 39> in http://www.cse.aalto.fi/instans/instanses/INSTANS828
       ?EVENT = #<RDF-IRI file:///#e48>,
       ?PERSON = #<RDF-IRI file:///#p4>,
       ?PLACE = #<RDF-BLANK-NODE _:bnode95>,
       ?LAT = 60.154309925370185d0,
       ?LONG = 24.880235922151876d0,
       ?TIME = #<RDF-BLANK-NODE _:bnode96>,
       ?DTTM = #<INSTANS::DATETIME "2012-03-05T13:35:19">
Rule #<MODIFY-NODE 39> in http://www.cse.aalto.fi/instans/instanses/INSTANS828
       ?EVENT = #<RDF-IRI file:///#e49>,
       ?PERSON = #<RDF-IRI file:///#p1>,
       ?PLACE = #<RDF-BLANK-NODE _:bnode97>,
       ?LAT = 60.15785907703639d0,
       ?LONG = 24.877958448988707d0,
       ?TIME = #<RDF-BLANK-NODE _:bnode98>,
       ?DTTM = #<INSTANS::DATETIME "2012-03-05T13:35:20">
Rule #<MODIFY-NODE 39> in http://www.cse.aalto.fi/instans/instanses/INSTANS828
       ?EVENT = #<RDF-IRI file:///#e50>,
       ?PERSON = #<RDF-IRI file:///#p2>,
       ?PLACE = #<RDF-BLANK-NODE _:bnode99>,
       ?LAT = 60.16625409950672d0,
       ?LONG = 24.857931687643948d0,
       ?TIME = #<RDF-BLANK-NODE _:bnode100>,
       ?DTTM = #<INSTANS::DATETIME "2012-03-05T13:35:24">
Rule #<MODIFY-NODE 39> in http://www.cse.aalto.fi/instans/instanses/INSTANS828
       ?EVENT = #<RDF-IRI file:///#e51>,
       ?PERSON = #<RDF-IRI file:///#p4>,
       ?PLACE = #<RDF-BLANK-NODE _:bnode101>,
       ?LAT = 60.15438357311924d0,
       ?LONG = 24.880371625130262d0,
       ?TIME = #<RDF-BLANK-NODE _:bnode102>,
       ?DTTM = #<INSTANS::DATETIME "2012-03-05T13:35:27">
Rule #<MODIFY-NODE 39> in http://www.cse.aalto.fi/instans/instanses/INSTANS828
       ?EVENT = #<RDF-IRI file:///#e52>,
       ?PERSON = #<RDF-IRI file:///#p1>,
       ?PLACE = #<RDF-BLANK-NODE _:bnode103>,
       ?LAT = 60.15783865430505d0,
       ?LONG = 24.878155018413484d0,
       ?TIME = #<RDF-BLANK-NODE _:bnode104>,
       ?DTTM = #<INSTANS::DATETIME "2012-03-05T13:35:28">
Rule #<MODIFY-NODE 39> in http://www.cse.aalto.fi/instans/instanses/INSTANS828
       ?EVENT = #<RDF-IRI file:///#e53>,
       ?PERSON = #<RDF-IRI file:///#p2>,
       ?PLACE = #<RDF-BLANK-NODE _:bnode105>,
       ?LAT = 60.166156377922306d0,
       ?LONG = 24.857973632109818d0,
       ?TIME = #<RDF-BLANK-NODE _:bnode106>,
       ?DTTM = #<INSTANS::DATETIME "2012-03-05T13:35:32">
Rule #<MODIFY-NODE 39> in http://www.cse.aalto.fi/instans/instanses/INSTANS828
       ?EVENT = #<RDF-IRI file:///#e54>,
       ?PERSON = #<RDF-IRI file:///#p4>,
       ?PLACE = #<RDF-BLANK-NODE _:bnode107>,
       ?LAT = 60.15445741127326d0,
       ?LONG = 24.880506910081447d0,
       ?TIME = #<RDF-BLANK-NODE _:bnode108>,
       ?DTTM = #<INSTANS::DATETIME "2012-03-05T13:35:35">
Rule #<MODIFY-NODE 39> in http://www.cse.aalto.fi/instans/instanses/INSTANS828
       ?EVENT = #<RDF-IRI file:///#e55>,
       ?PERSON = #<RDF-IRI file:///#p1>,
       ?PLACE = #<RDF-BLANK-NODE _:bnode109>,
       ?LAT = 60.15781823128261d0,
       ?LONG = 24.878351587593986d0,
       ?TIME = #<RDF-BLANK-NODE _:bnode110>,
       ?DTTM = #<INSTANS::DATETIME "2012-03-05T13:35:36">
Rule #<MODIFY-NODE 39> in http://www.cse.aalto.fi/instans/instanses/INSTANS828
       ?EVENT = #<RDF-IRI file:///#e56>,
       ?PERSON = #<RDF-IRI file:///#p2>,
       ?PLACE = #<RDF-BLANK-NODE _:bnode111>,
       ?LAT = 60.16605865755727d0,
       ?LONG = 24.858015587928755d0,
       ?TIME = #<RDF-BLANK-NODE _:bnode112>,
       ?DTTM = #<INSTANS::DATETIME "2012-03-05T13:35:40">
Rule #<MODIFY-NODE 39> in http://www.cse.aalto.fi/instans/instanses/INSTANS828
       ?EVENT = #<RDF-IRI file:///#e57>,
       ?PERSON = #<RDF-IRI file:///#p4>,
       ?PLACE = #<RDF-BLANK-NODE _:bnode113>,
       ?LAT = 60.15453127444783d0,
       ?LONG = 24.880642140239704d0,
       ?TIME = #<RDF-BLANK-NODE _:bnode114>,
       ?DTTM = #<INSTANS::DATETIME "2012-03-05T13:35:43">
Rule #<MODIFY-NODE 39> in http://www.cse.aalto.fi/instans/instanses/INSTANS828
       ?EVENT = #<RDF-IRI file:///#e58>,
       ?PERSON = #<RDF-IRI file:///#p1>,
       ?PLACE = #<RDF-BLANK-NODE _:bnode115>,
       ?LAT = 60.15779780796909d0,
       ?LONG = 24.878548156530222d0,
       ?TIME = #<RDF-BLANK-NODE _:bnode116>,
       ?DTTM = #<INSTANS::DATETIME "2012-03-05T13:35:44">
Rule #<MODIFY-NODE 39> in http://www.cse.aalto.fi/instans/instanses/INSTANS828
       ?EVENT = #<RDF-IRI file:///#e59>,
       ?PERSON = #<RDF-IRI file:///#p2>,
       ?PLACE = #<RDF-BLANK-NODE _:bnode117>,
       ?LAT = 60.165960937179015d0,
       ?LONG = 24.858057543498155d0,
       ?TIME = #<RDF-BLANK-NODE _:bnode118>,
       ?DTTM = #<INSTANS::DATETIME "2012-03-05T13:35:48">
Rule #<MODIFY-NODE 39> in http://www.cse.aalto.fi/instans/instanses/INSTANS828
       ?EVENT = #<RDF-IRI file:///#e60>,
       ?PERSON = #<RDF-IRI file:///#p4>,
       ?PLACE = #<RDF-BLANK-NODE _:bnode119>,
       ?LAT = 60.15460513748459d0,
       ?LONG = 24.880777371005646d0,
       ?TIME = #<RDF-BLANK-NODE _:bnode120>,
       ?DTTM = #<INSTANS::DATETIME "2012-03-05T13:35:51">
Rule #<MODIFY-NODE 39> in http://www.cse.aalto.fi/instans/instanses/INSTANS828
       ?EVENT = #<RDF-IRI file:///#e61>,
       ?PERSON = #<RDF-IRI file:///#p1>,
       ?PLACE = #<RDF-BLANK-NODE _:bnode121>,
       ?LAT = 60.15777738436448d0,
       ?LONG = 24.878744725222187d0,
       ?TIME = #<RDF-BLANK-NODE _:bnode122>,
       ?DTTM = #<INSTANS::DATETIME "2012-03-05T13:35:52">
Rule #<MODIFY-NODE 39> in http://www.cse.aalto.fi/instans/instanses/INSTANS828
       ?EVENT = #<RDF-IRI file:///#e62>,
       ?PERSON = #<RDF-IRI file:///#p2>,
       ?PLACE = #<RDF-BLANK-NODE _:bnode123>,
       ?LAT = 60.16586321827005d0,
       ?LONG = 24.858099512766824d0,
       ?TIME = #<RDF-BLANK-NODE _:bnode124>,
       ?DTTM = #<INSTANS::DATETIME "2012-03-05T13:35:56">
Rule #<MODIFY-NODE 39> in http://www.cse.aalto.fi/instans/instanses/INSTANS828
       ?EVENT = #<RDF-IRI file:///#e63>,
       ?PERSON = #<RDF-IRI file:///#p4>,
       ?PLACE = #<RDF-BLANK-NODE _:bnode125>,
       ?LAT = 60.154679000383574d0,
       ?LONG = 24.88091260237926d0,
       ?TIME = #<RDF-BLANK-NODE _:bnode126>,
       ?DTTM = #<INSTANS::DATETIME "2012-03-05T13:35:59">
Rule #<MODIFY-NODE 39> in http://www.cse.aalto.fi/instans/instanses/INSTANS828
       ?EVENT = #<RDF-IRI file:///#e64>,
       ?PERSON = #<RDF-IRI file:///#p1>,
       ?PLACE = #<RDF-BLANK-NODE _:bnode127>,
       ?LAT = 60.15775702627167d0,
       ?LONG = 24.878941320910343d0,
       ?TIME = #<RDF-BLANK-NODE _:bnode128>,
       ?DTTM = #<INSTANS::DATETIME "2012-03-05T13:36:00">
Rule #<MODIFY-NODE 39> in http://www.cse.aalto.fi/instans/instanses/INSTANS828
       ?EVENT = #<RDF-IRI file:///#e65>,
       ?PERSON = #<RDF-IRI file:///#p2>,
       ?PLACE = #<RDF-BLANK-NODE _:bnode129>,
       ?LAT = 60.165765499841974d0,
       ?LONG = 24.85814148643545d0,
       ?TIME = #<RDF-BLANK-NODE _:bnode130>,
       ?DTTM = #<INSTANS::DATETIME "2012-03-05T13:36:04">
Rule #<MODIFY-NODE 39> in http://www.cse.aalto.fi/instans/instanses/INSTANS828
       ?EVENT = #<RDF-IRI file:///#e66>,
       ?PERSON = #<RDF-IRI file:///#p4>,
       ?PLACE = #<RDF-BLANK-NODE _:bnode131>,
       ?LAT = 60.15475286314481d0,
       ?LONG = 24.881047834360558d0,
       ?TIME = #<RDF-BLANK-NODE _:bnode132>,
       ?DTTM = #<INSTANS::DATETIME "2012-03-05T13:36:07">
Rule #<MODIFY-NODE 39> in http://www.cse.aalto.fi/instans/instanses/INSTANS828
       ?EVENT = #<RDF-IRI file:///#e67>,
       ?PERSON = #<RDF-IRI file:///#p1>,
       ?PLACE = #<RDF-BLANK-NODE _:bnode133>,
       ?LAT = 60.157835895333655d0,
       ?LONG = 24.879040353109257d0,
       ?TIME = #<RDF-BLANK-NODE _:bnode134>,
       ?DTTM = #<INSTANS::DATETIME "2012-03-05T13:36:09">
Rule #<MODIFY-NODE 39> in http://www.cse.aalto.fi/instans/instanses/INSTANS828
       ?EVENT = #<RDF-IRI file:///#e68>,
       ?PERSON = #<RDF-IRI file:///#p2>,
       ?PLACE = #<RDF-BLANK-NODE _:bnode135>,
       ?LAT = 60.16566772428175d0,
       ?LONG = 24.858182916691355d0,
       ?TIME = #<RDF-BLANK-NODE _:bnode136>,
       ?DTTM = #<INSTANS::DATETIME "2012-03-05T13:36:12">
Rule #<MODIFY-NODE 39> in http://www.cse.aalto.fi/instans/instanses/INSTANS828
       ?EVENT = #<RDF-IRI file:///#e69>,
       ?PERSON = #<RDF-IRI file:///#p4>,
       ?PLACE = #<RDF-BLANK-NODE _:bnode137>,
       ?LAT = 60.15482672576829d0,
       ?LONG = 24.88118306694955d0,
       ?TIME = #<RDF-BLANK-NODE _:bnode138>,
       ?DTTM = #<INSTANS::DATETIME "2012-03-05T13:36:15">
Rule #<MODIFY-NODE 39> in http://www.cse.aalto.fi/instans/instanses/INSTANS828
       ?EVENT = #<RDF-IRI file:///#e70>,
       ?PERSON = #<RDF-IRI file:///#p1>,
       ?PLACE = #<RDF-BLANK-NODE _:bnode139>,
       ?LAT = 60.15793171642584d0,
       ?LONG = 24.87909730844222d0,
       ?TIME = #<RDF-BLANK-NODE _:bnode140>,
       ?DTTM = #<INSTANS::DATETIME "2012-03-05T13:36:17">
Rule #<MODIFY-NODE 39> in http://www.cse.aalto.fi/instans/instanses/INSTANS828
       ?EVENT = #<RDF-IRI file:///#e71>,
       ?PERSON = #<RDF-IRI file:///#p2>,
       ?PLACE = #<RDF-BLANK-NODE _:bnode141>,
       ?LAT = 60.16556991443734d0,
       ?LONG = 24.85822402080377d0,
       ?TIME = #<RDF-BLANK-NODE _:bnode142>,
       ?DTTM = #<INSTANS::DATETIME "2012-03-05T13:36:20">
Rule #<MODIFY-NODE 39> in http://www.cse.aalto.fi/instans/instanses/INSTANS828
       ?EVENT = #<RDF-IRI file:///#e72>,
       ?PERSON = #<RDF-IRI file:///#p4>,
       ?PLACE = #<RDF-BLANK-NODE _:bnode143>,
       ?LAT = 60.154900588254016d0,
       ?LONG = 24.88131830014623d0,
       ?TIME = #<RDF-BLANK-NODE _:bnode144>,
       ?DTTM = #<INSTANS::DATETIME "2012-03-05T13:36:23">
Rule #<MODIFY-NODE 39> in http://www.cse.aalto.fi/instans/instanses/INSTANS828
       ?EVENT = #<RDF-IRI file:///#e73>,
       ?PERSON = #<RDF-IRI file:///#p1>,
       ?PLACE = #<RDF-BLANK-NODE _:bnode145>,
       ?LAT = 60.15801807860633d0,
       ?LONG = 24.879205162959362d0,
       ?TIME = #<RDF-BLANK-NODE _:bnode146>,
       ?DTTM = #<INSTANS::DATETIME "2012-03-05T13:36:27">
Rule #<MODIFY-NODE 39> in http://www.cse.aalto.fi/instans/instanses/INSTANS828
       ?EVENT = #<RDF-IRI file:///#e74>,
       ?PERSON = #<RDF-IRI file:///#p2>,
       ?PLACE = #<RDF-BLANK-NODE _:bnode147>,
       ?LAT = 60.165472104580246d0,
       ?LONG = 24.858265124671487d0,
       ?TIME = #<RDF-BLANK-NODE _:bnode148>,
       ?DTTM = #<INSTANS::DATETIME "2012-03-05T13:36:28">
Rule #<MODIFY-NODE 39> in http://www.cse.aalto.fi/instans/instanses/INSTANS828
       ?EVENT = #<RDF-IRI file:///#e75>,
       ?PERSON = #<RDF-IRI file:///#p4>,
       ?PLACE = #<RDF-BLANK-NODE _:bnode149>,
       ?LAT = 60.15497568206191d0,
       ?LONG = 24.881450600306966d0,
       ?TIME = #<RDF-BLANK-NODE _:bnode150>,
       ?DTTM = #<INSTANS::DATETIME "2012-03-05T13:36:31">
Rule #<MODIFY-NODE 39> in http://www.cse.aalto.fi/instans/instanses/INSTANS828
       ?EVENT = #<RDF-IRI file:///#e76>,
       ?PERSON = #<RDF-IRI file:///#p1>,
       ?PLACE = #<RDF-BLANK-NODE _:bnode151>,
       ?LAT = 60.15811501862944d0,
       ?LONG = 24.87925387527264d0,
       ?TIME = #<RDF-BLANK-NODE _:bnode152>,
       ?DTTM = #<INSTANS::DATETIME "2012-03-05T13:36:35">
Rule #<MODIFY-NODE 39> in http://www.cse.aalto.fi/instans/instanses/INSTANS828
       ?EVENT = #<RDF-IRI file:///#e77>,
       ?PERSON = #<RDF-IRI file:///#p2>,
       ?PLACE = #<RDF-BLANK-NODE _:bnode153>,
       ?LAT = 60.165374343159804d0,
       ?LONG = 24.858306673862153d0,
       ?TIME = #<RDF-BLANK-NODE _:bnode154>,
       ?DTTM = #<INSTANS::DATETIME "2012-03-05T13:36:36">
Rule #<MODIFY-NODE 39> in http://www.cse.aalto.fi/instans/instanses/INSTANS828
       ?EVENT = #<RDF-IRI file:///#e78>,
       ?PERSON = #<RDF-IRI file:///#p4>,
       ?PLACE = #<RDF-BLANK-NODE _:bnode155>,
       ?LAT = 60.15504935442721d0,
       ?LONG = 24.88158612042964d0,
       ?TIME = #<RDF-BLANK-NODE _:bnode156>,
       ?DTTM = #<INSTANS::DATETIME "2012-03-05T13:36:39">
Rule #<MODIFY-NODE 39> in http://www.cse.aalto.fi/instans/instanses/INSTANS828
       ?EVENT = #<RDF-IRI file:///#e79>,
       ?PERSON = #<RDF-IRI file:///#p1>,
       ?PLACE = #<RDF-BLANK-NODE _:bnode157>,
       ?LAT = 60.15821195863463d0,
       ?LONG = 24.879302587873244d0,
       ?TIME = #<RDF-BLANK-NODE _:bnode158>,
       ?DTTM = #<INSTANS::DATETIME "2012-03-05T13:36:43">
Rule #<MODIFY-NODE 39> in http://www.cse.aalto.fi/instans/instanses/INSTANS828
       ?EVENT = #<RDF-IRI file:///#e80>,
       ?PERSON = #<RDF-IRI file:///#p2>,
       ?PLACE = #<RDF-BLANK-NODE _:bnode159>,
       ?LAT = 60.1652764125314d0,
       ?LONG = 24.85834649622947d0,
       ?TIME = #<RDF-BLANK-NODE _:bnode160>,
       ?DTTM = #<INSTANS::DATETIME "2012-03-05T13:36:44">
Rule #<MODIFY-NODE 39> in http://www.cse.aalto.fi/instans/instanses/INSTANS828
       ?EVENT = #<RDF-IRI file:///#e81>,
       ?PERSON = #<RDF-IRI file:///#p4>,
       ?PLACE = #<RDF-BLANK-NODE _:bnode161>,
       ?LAT = 60.15512229583814d0,
       ?LONG = 24.88172335834523d0,
       ?TIME = #<RDF-BLANK-NODE _:bnode162>,
       ?DTTM = #<INSTANS::DATETIME "2012-03-05T13:36:47">
Rule #<MODIFY-NODE 39> in http://www.cse.aalto.fi/instans/instanses/INSTANS828
       ?EVENT = #<RDF-IRI file:///#e82>,
       ?PERSON = #<RDF-IRI file:///#p1>,
       ?PLACE = #<RDF-BLANK-NODE _:bnode163>,
       ?LAT = 60.158308898621975d0,
       ?LONG = 24.879351300761176d0,
       ?TIME = #<RDF-BLANK-NODE _:bnode164>,
       ?DTTM = #<INSTANS::DATETIME "2012-03-05T13:36:51">
Rule #<MODIFY-NODE 39> in http://www.cse.aalto.fi/instans/instanses/INSTANS828
       ?EVENT = #<RDF-IRI file:///#e83>,
       ?PERSON = #<RDF-IRI file:///#p2>,
       ?PLACE = #<RDF-BLANK-NODE _:bnode165>,
       ?LAT = 60.165178312444894d0,
       ?LONG = 24.858384703183848d0,
       ?TIME = #<RDF-BLANK-NODE _:bnode166>,
       ?DTTM = #<INSTANS::DATETIME "2012-03-05T13:36:52">
Rule #<MODIFY-NODE 39> in http://www.cse.aalto.fi/instans/instanses/INSTANS828
       ?EVENT = #<RDF-IRI file:///#e84>,
       ?PERSON = #<RDF-IRI file:///#p4>,
       ?PLACE = #<RDF-BLANK-NODE _:bnode167>,
       ?LAT = 60.15519523710718d0,
       ?LONG = 24.881860596869842d0,
       ?TIME = #<RDF-BLANK-NODE _:bnode168>,
       ?DTTM = #<INSTANS::DATETIME "2012-03-05T13:36:55">
Rule #<MODIFY-NODE 39> in http://www.cse.aalto.fi/instans/instanses/INSTANS828
       ?EVENT = #<RDF-IRI file:///#e85>,
       ?PERSON = #<RDF-IRI file:///#p1>,
       ?PLACE = #<RDF-BLANK-NODE _:bnode169>,
       ?LAT = 60.158405838591406d0,
       ?LONG = 24.879400013936433d0,
       ?TIME = #<RDF-BLANK-NODE _:bnode170>,
       ?DTTM = #<INSTANS::DATETIME "2012-03-05T13:36:59">
Rule #<MODIFY-NODE 39> in http://www.cse.aalto.fi/instans/instanses/INSTANS828
       ?EVENT = #<RDF-IRI file:///#e86>,
       ?PERSON = #<RDF-IRI file:///#p2>,
       ?PLACE = #<RDF-BLANK-NODE _:bnode171>,
       ?LAT = 60.165080212347355d0,
       ?LONG = 24.858422909910107d0,
       ?TIME = #<RDF-BLANK-NODE _:bnode172>,
       ?DTTM = #<INSTANS::DATETIME "2012-03-05T13:37:00">
Rule #<MODIFY-NODE 39> in http://www.cse.aalto.fi/instans/instanses/INSTANS828
       ?EVENT = #<RDF-IRI file:///#e87>,
       ?PERSON = #<RDF-IRI file:///#p4>,
       ?PLACE = #<RDF-BLANK-NODE _:bnode173>,
       ?LAT = 60.15526817823435d0,
       ?LONG = 24.881997836003492d0,
       ?TIME = #<RDF-BLANK-NODE _:bnode174>,
       ?DTTM = #<INSTANS::DATETIME "2012-03-05T13:37:03">
Rule #<MODIFY-NODE 39> in http://www.cse.aalto.fi/instans/instanses/INSTANS828
       ?EVENT = #<RDF-IRI file:///#e88>,
       ?PERSON = #<RDF-IRI file:///#p1>,
       ?PLACE = #<RDF-BLANK-NODE _:bnode175>,
       ?LAT = 60.15850297016887d0,
       ?LONG = 24.879447143699057d0,
       ?TIME = #<RDF-BLANK-NODE _:bnode176>,
       ?DTTM = #<INSTANS::DATETIME "2012-03-05T13:37:07">
Rule #<MODIFY-NODE 39> in http://www.cse.aalto.fi/instans/instanses/INSTANS828
       ?EVENT = #<RDF-IRI file:///#e89>,
       ?PERSON = #<RDF-IRI file:///#p2>,
       ?PLACE = #<RDF-BLANK-NODE _:bnode177>,
       ?LAT = 60.16498211223884d0,
       ?LONG = 24.858461116408247d0,
       ?TIME = #<RDF-BLANK-NODE _:bnode178>,
       ?DTTM = #<INSTANS::DATETIME "2012-03-05T13:37:08">
Rule #<MODIFY-NODE 39> in http://www.cse.aalto.fi/instans/instanses/INSTANS828
       ?EVENT = #<RDF-IRI file:///#e90>,
       ?PERSON = #<RDF-IRI file:///#p4>,
       ?PLACE = #<RDF-BLANK-NODE _:bnode179>,
       ?LAT = 60.155341119219635d0,
       ?LONG = 24.88213507574617d0,
       ?TIME = #<RDF-BLANK-NODE _:bnode180>,
       ?DTTM = #<INSTANS::DATETIME "2012-03-05T13:37:11">
Rule #<MODIFY-NODE 39> in http://www.cse.aalto.fi/instans/instanses/INSTANS828
       ?EVENT = #<RDF-IRI file:///#e91>,
       ?PERSON = #<RDF-IRI file:///#p1>,
       ?PLACE = #<RDF-BLANK-NODE _:bnode181>,
       ?LAT = 60.158600216705466d0,
       ?LONG = 24.879493323517604d0,
       ?TIME = #<RDF-BLANK-NODE _:bnode182>,
       ?DTTM = #<INSTANS::DATETIME "2012-03-05T13:37:15">
Rule #<MODIFY-NODE 39> in http://www.cse.aalto.fi/instans/instanses/INSTANS828
       ?EVENT = #<RDF-IRI file:///#e92>,
       ?PERSON = #<RDF-IRI file:///#p2>,
       ?PLACE = #<RDF-BLANK-NODE _:bnode183>,
       ?LAT = 60.164884361267156d0,
       ?LONG = 24.858502781662384d0,
       ?TIME = #<RDF-BLANK-NODE _:bnode184>,
       ?DTTM = #<INSTANS::DATETIME "2012-03-05T13:37:16">
Rule #<MODIFY-NODE 39> in http://www.cse.aalto.fi/instans/instanses/INSTANS828
       ?EVENT = #<RDF-IRI file:///#e93>,
       ?PERSON = #<RDF-IRI file:///#p4>,
       ?PLACE = #<RDF-BLANK-NODE _:bnode185>,
       ?LAT = 60.155414060063045d0,
       ?LONG = 24.882272316097882d0,
       ?TIME = #<RDF-BLANK-NODE _:bnode186>,
       ?DTTM = #<INSTANS::DATETIME "2012-03-05T13:37:19">
Rule #<MODIFY-NODE 39> in http://www.cse.aalto.fi/instans/instanses/INSTANS828
       ?EVENT = #<RDF-IRI file:///#e94>,
       ?PERSON = #<RDF-IRI file:///#p1>,
       ?PLACE = #<RDF-BLANK-NODE _:bnode187>,
       ?LAT = 60.158697463226055d0,
       ?LONG = 24.879539503609383d0,
       ?TIME = #<RDF-BLANK-NODE _:bnode188>,
       ?DTTM = #<INSTANS::DATETIME "2012-03-05T13:37:23">
Rule #<MODIFY-NODE 39> in http://www.cse.aalto.fi/instans/instanses/INSTANS828
       ?EVENT = #<RDF-IRI file:///#e95>,
       ?PERSON = #<RDF-IRI file:///#p2>,
       ?PLACE = #<RDF-BLANK-NODE _:bnode189>,
       ?LAT = 60.164786555852736d0,
       ?LONG = 24.858543923895443d0,
       ?TIME = #<RDF-BLANK-NODE _:bnode190>,
       ?DTTM = #<INSTANS::DATETIME "2012-03-05T13:37:24">
Rule #<MODIFY-NODE 39> in http://www.cse.aalto.fi/instans/instanses/INSTANS828
       ?EVENT = #<RDF-IRI file:///#e96>,
       ?PERSON = #<RDF-IRI file:///#p4>,
       ?PLACE = #<RDF-BLANK-NODE _:bnode191>,
       ?LAT = 60.15548700076452d0,
       ?LONG = 24.882409557058633d0,
       ?TIME = #<RDF-BLANK-NODE _:bnode192>,
       ?DTTM = #<INSTANS::DATETIME "2012-03-05T13:37:27">
Rule #<MODIFY-NODE 39> in http://www.cse.aalto.fi/instans/instanses/INSTANS828
       ?EVENT = #<RDF-IRI file:///#e97>,
       ?PERSON = #<RDF-IRI file:///#p1>,
       ?PLACE = #<RDF-BLANK-NODE _:bnode193>,
       ?LAT = 60.15879510855885d0,
       ?LONG = 24.87958206859879d0,
       ?TIME = #<RDF-BLANK-NODE _:bnode194>,
       ?DTTM = #<INSTANS::DATETIME "2012-03-05T13:37:31">
add-quad-count = 930
remove-quad-count = 582
queue-add-count = 101
queue-remove-count = 0
queue-select-count = 2
queue-ask-count = 0
queue-describe-count = 0
queue-construct-count = 0
queue-modify-count = 99
